2025-09-13 14:17:08,908 [INFO] master_api: Incoming request: GET http://localhost:8000/docs
2025-09-13 14:17:08,910 [INFO] master_api: Response status: 200
2025-09-13 14:17:09,238 [INFO] master_api: Incoming request: GET http://localhost:8000/openapi.json
2025-09-13 14:17:09,251 [INFO] master_api: Response status: 200
2025-09-13 14:17:30,488 [INFO] master_api: Incoming request: POST http://localhost:8000/master
2025-09-13 14:17:30,491 [INFO] master_api: Received master API request: agent=agent_b, query=Paris
2025-09-13 14:17:30,491 [INFO] master_api: Dispatching query to agent: agent_b
2025-09-13 14:17:30,491 [INFO] master_api: Agent B processing query: Paris
2025-09-13 14:17:30,790 [INFO] httpx: HTTP Request: GET http://api.weatherapi.com/v1/current.json?key=30691209fff844ef8bd112855251309&q=Paris&aqi=no "HTTP/1.1 200 OK"
2025-09-13 14:17:30,798 [INFO] master_api: Agent B result: Weather in Paris: Moderate rain, temperature 19.0°C, humidity 60%, wind 24.1 kph.
2025-09-13 14:17:30,798 [INFO] master_api: Agent 'agent_b' returned result successfully.
2025-09-13 14:17:30,803 [INFO] master_api: Master API returning result: Weather in Paris: Moderate rain, temperature 19.0°C, humidity 60%, wind 24.1 kph.
2025-09-13 14:17:30,804 [INFO] master_api: Response status: 200
2025-09-13 14:17:43,509 [INFO] watchfiles.main: 1 change detected
2025-09-13 14:17:43,866 [INFO] watchfiles.main: 1 change detected
2025-09-13 14:17:44,245 [INFO] watchfiles.main: 1 change detected
2025-09-13 14:17:44,624 [INFO] watchfiles.main: 1 change detected
2025-09-13 14:17:44,981 [INFO] watchfiles.main: 1 change detected
2025-09-13 14:17:45,359 [INFO] watchfiles.main: 1 change detected
2025-09-13 14:17:45,747 [INFO] watchfiles.main: 1 change detected
2025-09-13 14:17:46,135 [INFO] watchfiles.main: 1 change detected
2025-09-13 14:17:46,523 [INFO] watchfiles.main: 1 change detected
2025-09-13 14:17:46,912 [INFO] watchfiles.main: 1 change detected
2025-09-13 14:17:47,299 [INFO] watchfiles.main: 1 change detected
2025-09-13 14:17:47,674 [INFO] watchfiles.main: 1 change detected
2025-09-13 14:17:48,057 [INFO] watchfiles.main: 1 change detected
2025-09-13 14:17:48,434 [INFO] watchfiles.main: 1 change detected
2025-09-13 14:17:48,814 [INFO] watchfiles.main: 1 change detected
2025-09-13 14:17:49,201 [INFO] watchfiles.main: 1 change detected
2025-09-13 14:17:49,588 [INFO] watchfiles.main: 1 change detected
2025-09-13 14:17:49,976 [INFO] watchfiles.main: 1 change detected
2025-09-13 14:17:50,363 [INFO] watchfiles.main: 1 change detected
2025-09-13 14:17:50,739 [INFO] watchfiles.main: 1 change detected
2025-09-13 14:17:51,129 [INFO] watchfiles.main: 1 change detected
2025-09-13 14:17:51,519 [INFO] watchfiles.main: 1 change detected
2025-09-13 14:17:51,895 [INFO] watchfiles.main: 1 change detected
